FXC : warning X4717: Effects deprecated for D3DCompiler_47
  
  compilation object save succeeded; see D:\visual studio projects\HW5\dx12\Dx12_NaPrikole\Debug\Default.cso
FXC : warning X4717: Effects deprecated for D3DCompiler_47
  
  compilation object save succeeded; see D:\visual studio projects\HW5\dx12\Dx12_NaPrikole\Debug\LightingUtil.cso
  Camera.cpp
  d3dApp.cpp
D:\visual studio projects\HW5\dx12\Dx12_NaPrikole\Common\d3dApp.cpp(199,5): error C2102: для "&" требуется левостороннее значение
D:\visual studio projects\HW5\dx12\Dx12_NaPrikole\Common\d3dApp.cpp(216,72): error C2102: для "&" требуется левостороннее значение
D:\visual studio projects\HW5\dx12\Dx12_NaPrikole\Common\d3dApp.cpp(562,24): error C2664: "HANDLE CreateEventExW(LPSECURITY_ATTRIBUTES,LPCWSTR,DWORD,DWORD)": невозможно преобразовать аргумент 2 из "bool" в "LPCWSTR"
      D:\visual studio projects\HW5\dx12\Dx12_NaPrikole\Common\d3dApp.cpp(562,47):
      Для преобразования из целого типа в указатель требуется reinterpret_cast, приведение в стиле С или приведение в стиле функции в круглых скобках
      C:\Program Files (x86)\Windows Kits\10\Include\10.0.22621.0\um\synchapi.h(599,1):
       см. объявление "CreateEventExW"
      D:\visual studio projects\HW5\dx12\Dx12_NaPrikole\Common\d3dApp.cpp(562,24):
      при попытке сопоставить список аргументов "(nullptr, bool, bool, long)"
  
  d3dUtil.cpp
D:\visual studio projects\HW5\dx12\Dx12_NaPrikole\Common\d3dUtil.cpp(30,5): warning C4244: аргумент: преобразование "std::streamoff" в "SIZE_T", возможна потеря данных
D:\visual studio projects\HW5\dx12\Dx12_NaPrikole\Common\d3dUtil.cpp(48,5): error C2102: для "&" требуется левостороннее значение
D:\visual studio projects\HW5\dx12\Dx12_NaPrikole\Common\d3dUtil.cpp(58,5): error C2102: для "&" требуется левостороннее значение
D:\visual studio projects\HW5\dx12\Dx12_NaPrikole\Common\d3dUtil.cpp(70,32): warning C4244: =: преобразование "UINT64" в "LONG_PTR", возможна потеря данных
D:\visual studio projects\HW5\dx12\Dx12_NaPrikole\Common\d3dUtil.cpp(76,67): error C2102: для "&" требуется левостороннее значение
D:\visual studio projects\HW5\dx12\Dx12_NaPrikole\Common\d3dUtil.cpp(79,67): error C2102: для "&" требуется левостороннее значение
  DDSTextureLoader.cpp
D:\visual studio projects\HW5\dx12\Dx12_NaPrikole\Common\DDSTextureLoader.cpp(1273,28): error C2102: для "&" требуется левостороннее значение
D:\visual studio projects\HW5\dx12\Dx12_NaPrikole\Common\DDSTextureLoader.cpp(1292,29): error C2102: для "&" требуется левостороннее значение
D:\visual studio projects\HW5\dx12\Dx12_NaPrikole\Common\DDSTextureLoader.cpp(1294,35): error C2102: для "&" требуется левостороннее значение
D:\visual studio projects\HW5\dx12\Dx12_NaPrikole\Common\DDSTextureLoader.cpp(1305,70): error C2102: для "&" требуется левостороннее значение
D:\visual studio projects\HW5\dx12\Dx12_NaPrikole\Common\DDSTextureLoader.cpp(1311,70): error C2102: для "&" требуется левостороннее значение
  GameTimer.cpp
  GeometryGenerator.cpp
  MathHelper.cpp
  FrameResource.cpp
D:\visual studio projects\HW5\dx12\Dx12_NaPrikole\Common\UploadBuffer.h(24,9): error C2102: для "&" требуется левостороннее значение
  (компиляция исходного файла "../FrameResource.cpp")
      D:\visual studio projects\HW5\dx12\Dx12_NaPrikole\Common\UploadBuffer.h(24,9):
      контекст создания экземпляра шаблона (сначала самый старый)
          D:\visual studio projects\HW5\dx12\Dx12_NaPrikole\FrameResource.h(75,50):
          выполняется компиляция ссылки на экземпляр класс шаблон функции "std::unique_ptr<UploadBuffer<PassConstants>,std::default_delete<UploadBuffer<PassConstants>>>"
          C:\Program Files\Microsoft Visual Studio\2022\Community\VC\Tools\MSVC\14.42.34433\include\memory(3337,92):
          выполняется компиляция ссылки на экземпляр класс шаблон функции "std::default_delete<UploadBuffer<PassConstants>>"
          C:\Program Files\Microsoft Visual Studio\2022\Community\VC\Tools\MSVC\14.42.34433\include\memory(3300,23):
          во время компиляции функции-члена класс шаблон "void std::default_delete<UploadBuffer<PassConstants>>::operator ()(_Ty *) noexcept const"
          with
          [
              _Ty=UploadBuffer<PassConstants>
          ]
              C:\Program Files\Microsoft Visual Studio\2022\Community\VC\Tools\MSVC\14.42.34433\include\memory(3412,33):
              см. первую ссылку на std::default_delete<UploadBuffer<PassConstants>>::operator () "std::unique_ptr<UploadBuffer<PassConstants>,std::default_delete<UploadBuffer<PassConstants>>>::~unique_ptr"
              D:\visual studio projects\HW5\dx12\Dx12_NaPrikole\FrameResource.h(75,59):
              см. первую ссылку на std::unique_ptr<UploadBuffer<PassConstants>,std::default_delete<UploadBuffer<PassConstants>>>::~unique_ptr "FrameResource::FrameResource"
          C:\Program Files\Microsoft Visual Studio\2022\Community\VC\Tools\MSVC\14.42.34433\include\memory(3301,33):
          выполняется компиляция ссылки на экземпляр класс шаблон функции "UploadBuffer<PassConstants>"
          D:\visual studio projects\HW5\dx12\Dx12_NaPrikole\Common\UploadBuffer.h(9,5):
          во время компиляции функции-члена класс шаблон "UploadBuffer<PassConstants>::UploadBuffer(ID3D12Device *,UINT,bool)"
              C:\Program Files\Microsoft Visual Studio\2022\Community\VC\Tools\MSVC\14.42.34433\include\memory(3597,5):
              см. первую ссылку на UploadBuffer<PassConstants>::UploadBuffer "std::make_unique"
  
  StencilApp.cpp
D:\visual studio projects\HW5\dx12\Dx12_NaPrikole\StencilApp.cpp(242,30): error C2664: "HANDLE CreateEventExW(LPSECURITY_ATTRIBUTES,LPCWSTR,DWORD,DWORD)": невозможно преобразовать аргумент 2 из "bool" в "LPCWSTR"
      D:\visual studio projects\HW5\dx12\Dx12_NaPrikole\StencilApp.cpp(242,53):
      Для преобразования из целого типа в указатель требуется reinterpret_cast, приведение в стиле С или приведение в стиле функции в круглых скобках
      C:\Program Files (x86)\Windows Kits\10\Include\10.0.22621.0\um\synchapi.h(599,1):
       см. объявление "CreateEventExW"
      D:\visual studio projects\HW5\dx12\Dx12_NaPrikole\StencilApp.cpp(242,30):
      при попытке сопоставить список аргументов "(nullptr, bool, bool, long)"
  
D:\visual studio projects\HW5\dx12\Dx12_NaPrikole\StencilApp.cpp(279,90): error C2102: для "&" требуется левостороннее значение
D:\visual studio projects\HW5\dx12\Dx12_NaPrikole\StencilApp.cpp(279,63): error C2102: для "&" требуется левостороннее значение
D:\visual studio projects\HW5\dx12\Dx12_NaPrikole\StencilApp.cpp(271,72): error C2102: для "&" требуется левостороннее значение
D:\visual studio projects\HW5\dx12\Dx12_NaPrikole\StencilApp.cpp(317,72): error C2102: для "&" требуется левостороннее значение
D:\visual studio projects\HW5\dx12\Dx12_NaPrikole\StencilApp.cpp(508,57): error C2102: для "&" требуется левостороннее значение
D:\visual studio projects\HW5\dx12\Dx12_NaPrikole\StencilApp.cpp(509,57): error C2102: для "&" требуется левостороннее значение
D:\visual studio projects\HW5\dx12\Dx12_NaPrikole\StencilApp.cpp(510,61): error C2102: для "&" требуется левостороннее значение
D:\visual studio projects\HW5\dx12\Dx12_NaPrikole\StencilApp.cpp(1408,69): error C2102: для "&" требуется левостороннее значение
D:\visual studio projects\HW5\dx12\Dx12_NaPrikole\StencilApp.cpp(1409,60): error C2102: для "&" требуется левостороннее значение
  Создание кода...
